DEBUG - 2026-07-28 07:59:00 --> Session: Class initialized using 'CodeIgniter\Session\Handlers\FileHandler' driver.
DEBUG - 2026-07-28 07:59:08 --> Session: Class initialized using 'CodeIgniter\Session\Handlers\FileHandler' driver.
DEBUG - 2026-07-28 07:59:08 --> Session: Class initialized using 'CodeIgniter\Session\Handlers\FileHandler' driver.
DEBUG - 2026-07-28 07:59:27 --> Session: Class initialized using 'CodeIgniter\Session\Handlers\FileHandler' driver.
DEBUG - 2026-07-28 07:59:30 --> Session: Class initialized using 'CodeIgniter\Session\Handlers\FileHandler' driver.
DEBUG - 2026-07-28 07:59:32 --> Session: Class initialized using 'CodeIgniter\Session\Handlers\FileHandler' driver.
DEBUG - 2026-07-28 07:59:41 --> Session: Class initialized using 'CodeIgniter\Session\Handlers\FileHandler' driver.
DEBUG - 2026-07-28 07:59:41 --> Session: Class initialized using 'CodeIgniter\Session\Handlers\FileHandler' driver.
DEBUG - 2026-07-28 07:59:45 --> Session: Class initialized using 'CodeIgniter\Session\Handlers\FileHandler' driver.
DEBUG - 2026-07-28 07:59:49 --> Session: Class initialized using 'CodeIgniter\Session\Handlers\FileHandler' driver.
DEBUG - 2026-07-28 08:00:30 --> Session: Class initialized using 'CodeIgniter\Session\Handlers\FileHandler' driver.
DEBUG - 2026-07-28 08:00:31 --> Session: Class initialized using 'CodeIgniter\Session\Handlers\FileHandler' driver.
DEBUG - 2026-07-28 08:00:42 --> Session: Class initialized using 'CodeIgniter\Session\Handlers\FileHandler' driver.
DEBUG - 2026-07-28 08:00:46 --> Session: Class initialized using 'CodeIgniter\Session\Handlers\FileHandler' driver.
DEBUG - 2026-07-28 08:02:14 --> Session: Class initialized using 'CodeIgniter\Session\Handlers\FileHandler' driver.
DEBUG - 2026-07-28 08:02:14 --> Session: Class initialized using 'CodeIgniter\Session\Handlers\FileHandler' driver.
DEBUG - 2026-07-28 08:02:20 --> Session: Class initialized using 'CodeIgniter\Session\Handlers\FileHandler' driver.
DEBUG - 2026-07-28 08:02:33 --> Session: Class initialized using 'CodeIgniter\Session\Handlers\FileHandler' driver.
ERROR - 2026-07-28 08:02:33 --> Duplicate entry 'EMP-011' for key 'username'
in SYSTEMPATH\Database\MySQLi\Connection.php on line 300.
 1 SYSTEMPATH\Database\MySQLi\Connection.php(300): mysqli->query('INSERT INTO `users` (`id_karyawan`, `username`, `email`, `password`, `nama_lengkap`, `role`, `status`, `created_at`, `updated_at`) VALUES (\'13\', \'EMP-011\', \'irfan@mail.com\', \'$2y$10$j2F1eDulOs/qJNV/1/Mk0OQALUUfs67NF7f/ny.HJtvjqHa0Xv2UG\', \'Irfan Rizki\', \'karyawan\', \'aktif\', \'2026-07-28 08:02:33\', \'2026-07-28 08:02:33\')', 0)
 2 SYSTEMPATH\Database\BaseConnection.php(908): CodeIgniter\Database\MySQLi\Connection->execute('INSERT INTO `users` (`id_karyawan`, `username`, `email`, `password`, `nama_lengkap`, `role`, `status`, `created_at`, `updated_at`) VALUES (\'13\', \'EMP-011\', \'irfan@mail.com\', \'$2y$10$j2F1eDulOs/qJNV/1/Mk0OQALUUfs67NF7f/ny.HJtvjqHa0Xv2UG\', \'Irfan Rizki\', \'karyawan\', \'aktif\', \'2026-07-28 08:02:33\', \'2026-07-28 08:02:33\')')
 3 SYSTEMPATH\Database\BaseConnection.php(825): CodeIgniter\Database\BaseConnection->simpleQuery('INSERT INTO `users` (`id_karyawan`, `username`, `email`, `password`, `nama_lengkap`, `role`, `status`, `created_at`, `updated_at`) VALUES (\'13\', \'EMP-011\', \'irfan@mail.com\', \'$2y$10$j2F1eDulOs/qJNV/1/Mk0OQALUUfs67NF7f/ny.HJtvjqHa0Xv2UG\', \'Irfan Rizki\', \'karyawan\', \'aktif\', \'2026-07-28 08:02:33\', \'2026-07-28 08:02:33\')')
 4 SYSTEMPATH\Database\BaseBuilder.php(2355): CodeIgniter\Database\BaseConnection->query('INSERT INTO `users` (`id_karyawan`, `username`, `email`, `password`, `nama_lengkap`, `role`, `status`, `created_at`, `updated_at`) VALUES (:id_karyawan:, :username:, :email:, :password:, :nama_lengkap:, :role:, :status:, :created_at:, :updated_at:)', [...], false)
 5 SYSTEMPATH\Model.php(357): CodeIgniter\Database\BaseBuilder->insert()
 6 SYSTEMPATH\BaseModel.php(899): CodeIgniter\Model->doInsert([...])
 7 SYSTEMPATH\Model.php(670): CodeIgniter\BaseModel->insert([...], true)
 8 APPPATH\Controllers\Karyawan.php(202): CodeIgniter\Model->insert([...])
 9 SYSTEMPATH\CodeIgniter.php(974): App\Controllers\Karyawan->simpanAkun()
10 SYSTEMPATH\CodeIgniter.php(520): CodeIgniter\CodeIgniter->runController(Object(App\Controllers\Karyawan))
11 SYSTEMPATH\CodeIgniter.php(363): CodeIgniter\CodeIgniter->handleRequest(null, Object(Config\Cache), false)
12 SYSTEMPATH\Boot.php(417): CodeIgniter\CodeIgniter->run()
13 SYSTEMPATH\Boot.php(68): CodeIgniter\Boot::runCodeIgniter(Object(CodeIgniter\CodeIgniter))
14 FCPATH\index.php(59): CodeIgniter\Boot::bootWeb(Object(Config\Paths))
15 SYSTEMPATH\rewrite.php(44): require_once('C:\\xampp\\htdocs\\Sistem_Penggajian\\public\\index.php')
CRITICAL - 2026-07-28 08:02:33 --> CodeIgniter\Database\Exceptions\DatabaseException: Duplicate entry 'EMP-011' for key 'username'
[Method: POST, Route: karyawan/akun]
in SYSTEMPATH\Database\BaseConnection.php on line 863.
 1 SYSTEMPATH\Database\BaseBuilder.php(2355): CodeIgniter\Database\BaseConnection->query('INSERT INTO `users` (`id_karyawan`, `username`, `email`, `password`, `nama_lengkap`, `role`, `status`, `created_at`, `updated_at`) VALUES (:id_karyawan:, :username:, :email:, :password:, :nama_lengkap:, :role:, :status:, :created_at:, :updated_at:)', [...], false)
 2 SYSTEMPATH\Model.php(357): CodeIgniter\Database\BaseBuilder->insert()
 3 SYSTEMPATH\BaseModel.php(899): CodeIgniter\Model->doInsert([...])
 4 SYSTEMPATH\Model.php(670): CodeIgniter\BaseModel->insert([...], true)
 5 APPPATH\Controllers\Karyawan.php(202): CodeIgniter\Model->insert([...])
 6 SYSTEMPATH\CodeIgniter.php(974): App\Controllers\Karyawan->simpanAkun()
 7 SYSTEMPATH\CodeIgniter.php(520): CodeIgniter\CodeIgniter->runController(Object(App\Controllers\Karyawan))
 8 SYSTEMPATH\CodeIgniter.php(363): CodeIgniter\CodeIgniter->handleRequest(null, Object(Config\Cache), false)
 9 SYSTEMPATH\Boot.php(417): CodeIgniter\CodeIgniter->run()
10 SYSTEMPATH\Boot.php(68): CodeIgniter\Boot::runCodeIgniter(Object(CodeIgniter\CodeIgniter))
11 FCPATH\index.php(59): CodeIgniter\Boot::bootWeb(Object(Config\Paths))
12 SYSTEMPATH\rewrite.php(44): require_once('C:\\xampp\\htdocs\\Sistem_Penggajian\\public\\index.php')
CRITICAL - 2026-07-28 08:02:33 --> [Caused by] CodeIgniter\Database\Exceptions\DatabaseException: Duplicate entry 'EMP-011' for key 'username'
in SYSTEMPATH\Database\MySQLi\Connection.php on line 310.
 1 SYSTEMPATH\Database\BaseConnection.php(908): CodeIgniter\Database\MySQLi\Connection->execute('INSERT INTO `users` (`id_karyawan`, `username`, `email`, `password`, `nama_lengkap`, `role`, `status`, `created_at`, `updated_at`) VALUES (\'13\', \'EMP-011\', \'irfan@mail.com\', \'$2y$10$j2F1eDulOs/qJNV/1/Mk0OQALUUfs67NF7f/ny.HJtvjqHa0Xv2UG\', \'Irfan Rizki\', \'karyawan\', \'aktif\', \'2026-07-28 08:02:33\', \'2026-07-28 08:02:33\')')
 2 SYSTEMPATH\Database\BaseConnection.php(825): CodeIgniter\Database\BaseConnection->simpleQuery('INSERT INTO `users` (`id_karyawan`, `username`, `email`, `password`, `nama_lengkap`, `role`, `status`, `created_at`, `updated_at`) VALUES (\'13\', \'EMP-011\', \'irfan@mail.com\', \'$2y$10$j2F1eDulOs/qJNV/1/Mk0OQALUUfs67NF7f/ny.HJtvjqHa0Xv2UG\', \'Irfan Rizki\', \'karyawan\', \'aktif\', \'2026-07-28 08:02:33\', \'2026-07-28 08:02:33\')')
 3 SYSTEMPATH\Database\BaseBuilder.php(2355): CodeIgniter\Database\BaseConnection->query('INSERT INTO `users` (`id_karyawan`, `username`, `email`, `password`, `nama_lengkap`, `role`, `status`, `created_at`, `updated_at`) VALUES (:id_karyawan:, :username:, :email:, :password:, :nama_lengkap:, :role:, :status:, :created_at:, :updated_at:)', [...], false)
 4 SYSTEMPATH\Model.php(357): CodeIgniter\Database\BaseBuilder->insert()
 5 SYSTEMPATH\BaseModel.php(899): CodeIgniter\Model->doInsert([...])
 6 SYSTEMPATH\Model.php(670): CodeIgniter\BaseModel->insert([...], true)
 7 APPPATH\Controllers\Karyawan.php(202): CodeIgniter\Model->insert([...])
 8 SYSTEMPATH\CodeIgniter.php(974): App\Controllers\Karyawan->simpanAkun()
 9 SYSTEMPATH\CodeIgniter.php(520): CodeIgniter\CodeIgniter->runController(Object(App\Controllers\Karyawan))
10 SYSTEMPATH\CodeIgniter.php(363): CodeIgniter\CodeIgniter->handleRequest(null, Object(Config\Cache), false)
11 SYSTEMPATH\Boot.php(417): CodeIgniter\CodeIgniter->run()
12 SYSTEMPATH\Boot.php(68): CodeIgniter\Boot::runCodeIgniter(Object(CodeIgniter\CodeIgniter))
13 FCPATH\index.php(59): CodeIgniter\Boot::bootWeb(Object(Config\Paths))
14 SYSTEMPATH\rewrite.php(44): require_once('C:\\xampp\\htdocs\\Sistem_Penggajian\\public\\index.php')
CRITICAL - 2026-07-28 08:02:33 --> [Caused by] mysqli_sql_exception: Duplicate entry 'EMP-011' for key 'username'
in SYSTEMPATH\Database\MySQLi\Connection.php on line 300.
 1 SYSTEMPATH\Database\MySQLi\Connection.php(300): mysqli->query('INSERT INTO `users` (`id_karyawan`, `username`, `email`, `password`, `nama_lengkap`, `role`, `status`, `created_at`, `updated_at`) VALUES (\'13\', \'EMP-011\', \'irfan@mail.com\', \'$2y$10$j2F1eDulOs/qJNV/1/Mk0OQALUUfs67NF7f/ny.HJtvjqHa0Xv2UG\', \'Irfan Rizki\', \'karyawan\', \'aktif\', \'2026-07-28 08:02:33\', \'2026-07-28 08:02:33\')', 0)
 2 SYSTEMPATH\Database\BaseConnection.php(908): CodeIgniter\Database\MySQLi\Connection->execute('INSERT INTO `users` (`id_karyawan`, `username`, `email`, `password`, `nama_lengkap`, `role`, `status`, `created_at`, `updated_at`) VALUES (\'13\', \'EMP-011\', \'irfan@mail.com\', \'$2y$10$j2F1eDulOs/qJNV/1/Mk0OQALUUfs67NF7f/ny.HJtvjqHa0Xv2UG\', \'Irfan Rizki\', \'karyawan\', \'aktif\', \'2026-07-28 08:02:33\', \'2026-07-28 08:02:33\')')
 3 SYSTEMPATH\Database\BaseConnection.php(825): CodeIgniter\Database\BaseConnection->simpleQuery('INSERT INTO `users` (`id_karyawan`, `username`, `email`, `password`, `nama_lengkap`, `role`, `status`, `created_at`, `updated_at`) VALUES (\'13\', \'EMP-011\', \'irfan@mail.com\', \'$2y$10$j2F1eDulOs/qJNV/1/Mk0OQALUUfs67NF7f/ny.HJtvjqHa0Xv2UG\', \'Irfan Rizki\', \'karyawan\', \'aktif\', \'2026-07-28 08:02:33\', \'2026-07-28 08:02:33\')')
 4 SYSTEMPATH\Database\BaseBuilder.php(2355): CodeIgniter\Database\BaseConnection->query('INSERT INTO `users` (`id_karyawan`, `username`, `email`, `password`, `nama_lengkap`, `role`, `status`, `created_at`, `updated_at`) VALUES (:id_karyawan:, :username:, :email:, :password:, :nama_lengkap:, :role:, :status:, :created_at:, :updated_at:)', [...], false)
 5 SYSTEMPATH\Model.php(357): CodeIgniter\Database\BaseBuilder->insert()
 6 SYSTEMPATH\BaseModel.php(899): CodeIgniter\Model->doInsert([...])
 7 SYSTEMPATH\Model.php(670): CodeIgniter\BaseModel->insert([...], true)
 8 APPPATH\Controllers\Karyawan.php(202): CodeIgniter\Model->insert([...])
 9 SYSTEMPATH\CodeIgniter.php(974): App\Controllers\Karyawan->simpanAkun()
10 SYSTEMPATH\CodeIgniter.php(520): CodeIgniter\CodeIgniter->runController(Object(App\Controllers\Karyawan))
11 SYSTEMPATH\CodeIgniter.php(363): CodeIgniter\CodeIgniter->handleRequest(null, Object(Config\Cache), false)
12 SYSTEMPATH\Boot.php(417): CodeIgniter\CodeIgniter->run()
13 SYSTEMPATH\Boot.php(68): CodeIgniter\Boot::runCodeIgniter(Object(CodeIgniter\CodeIgniter))
14 FCPATH\index.php(59): CodeIgniter\Boot::bootWeb(Object(Config\Paths))
15 SYSTEMPATH\rewrite.php(44): require_once('C:\\xampp\\htdocs\\Sistem_Penggajian\\public\\index.php')
DEBUG - 2026-07-28 08:03:07 --> Session: Class initialized using 'CodeIgniter\Session\Handlers\FileHandler' driver.
ERROR - 2026-07-28 08:03:07 --> Duplicate entry 'irfan@mail.com' for key 'email'
in SYSTEMPATH\Database\MySQLi\Connection.php on line 300.
 1 SYSTEMPATH\Database\MySQLi\Connection.php(300): mysqli->query('INSERT INTO `users` (`id_karyawan`, `username`, `email`, `password`, `nama_lengkap`, `role`, `status`, `created_at`, `updated_at`) VALUES (\'13\', \'EMP-012\', \'irfan@mail.com\', \'$2y$10$nt7G1OfHJIZEm2SjGFqn4OtG5.M9eoKCzI8Vu299trO6pyJcG.WVC\', \'Irfan Rizki\', \'karyawan\', \'aktif\', \'2026-07-28 08:03:07\', \'2026-07-28 08:03:07\')', 0)
 2 SYSTEMPATH\Database\BaseConnection.php(908): CodeIgniter\Database\MySQLi\Connection->execute('INSERT INTO `users` (`id_karyawan`, `username`, `email`, `password`, `nama_lengkap`, `role`, `status`, `created_at`, `updated_at`) VALUES (\'13\', \'EMP-012\', \'irfan@mail.com\', \'$2y$10$nt7G1OfHJIZEm2SjGFqn4OtG5.M9eoKCzI8Vu299trO6pyJcG.WVC\', \'Irfan Rizki\', \'karyawan\', \'aktif\', \'2026-07-28 08:03:07\', \'2026-07-28 08:03:07\')')
 3 SYSTEMPATH\Database\BaseConnection.php(825): CodeIgniter\Database\BaseConnection->simpleQuery('INSERT INTO `users` (`id_karyawan`, `username`, `email`, `password`, `nama_lengkap`, `role`, `status`, `created_at`, `updated_at`) VALUES (\'13\', \'EMP-012\', \'irfan@mail.com\', \'$2y$10$nt7G1OfHJIZEm2SjGFqn4OtG5.M9eoKCzI8Vu299trO6pyJcG.WVC\', \'Irfan Rizki\', \'karyawan\', \'aktif\', \'2026-07-28 08:03:07\', \'2026-07-28 08:03:07\')')
 4 SYSTEMPATH\Database\BaseBuilder.php(2355): CodeIgniter\Database\BaseConnection->query('INSERT INTO `users` (`id_karyawan`, `username`, `email`, `password`, `nama_lengkap`, `role`, `status`, `created_at`, `updated_at`) VALUES (:id_karyawan:, :username:, :email:, :password:, :nama_lengkap:, :role:, :status:, :created_at:, :updated_at:)', [...], false)
 5 SYSTEMPATH\Model.php(357): CodeIgniter\Database\BaseBuilder->insert()
 6 SYSTEMPATH\BaseModel.php(899): CodeIgniter\Model->doInsert([...])
 7 SYSTEMPATH\Model.php(670): CodeIgniter\BaseModel->insert([...], true)
 8 APPPATH\Controllers\Karyawan.php(202): CodeIgniter\Model->insert([...])
 9 SYSTEMPATH\CodeIgniter.php(974): App\Controllers\Karyawan->simpanAkun()
10 SYSTEMPATH\CodeIgniter.php(520): CodeIgniter\CodeIgniter->runController(Object(App\Controllers\Karyawan))
11 SYSTEMPATH\CodeIgniter.php(363): CodeIgniter\CodeIgniter->handleRequest(null, Object(Config\Cache), false)
12 SYSTEMPATH\Boot.php(417): CodeIgniter\CodeIgniter->run()
13 SYSTEMPATH\Boot.php(68): CodeIgniter\Boot::runCodeIgniter(Object(CodeIgniter\CodeIgniter))
14 FCPATH\index.php(59): CodeIgniter\Boot::bootWeb(Object(Config\Paths))
15 SYSTEMPATH\rewrite.php(44): require_once('C:\\xampp\\htdocs\\Sistem_Penggajian\\public\\index.php')
CRITICAL - 2026-07-28 08:03:07 --> CodeIgniter\Database\Exceptions\DatabaseException: Duplicate entry 'irfan@mail.com' for key 'email'
[Method: POST, Route: karyawan/akun]
in SYSTEMPATH\Database\BaseConnection.php on line 863.
 1 SYSTEMPATH\Database\BaseBuilder.php(2355): CodeIgniter\Database\BaseConnection->query('INSERT INTO `users` (`id_karyawan`, `username`, `email`, `password`, `nama_lengkap`, `role`, `status`, `created_at`, `updated_at`) VALUES (:id_karyawan:, :username:, :email:, :password:, :nama_lengkap:, :role:, :status:, :created_at:, :updated_at:)', [...], false)
 2 SYSTEMPATH\Model.php(357): CodeIgniter\Database\BaseBuilder->insert()
 3 SYSTEMPATH\BaseModel.php(899): CodeIgniter\Model->doInsert([...])
 4 SYSTEMPATH\Model.php(670): CodeIgniter\BaseModel->insert([...], true)
 5 APPPATH\Controllers\Karyawan.php(202): CodeIgniter\Model->insert([...])
 6 SYSTEMPATH\CodeIgniter.php(974): App\Controllers\Karyawan->simpanAkun()
 7 SYSTEMPATH\CodeIgniter.php(520): CodeIgniter\CodeIgniter->runController(Object(App\Controllers\Karyawan))
 8 SYSTEMPATH\CodeIgniter.php(363): CodeIgniter\CodeIgniter->handleRequest(null, Object(Config\Cache), false)
 9 SYSTEMPATH\Boot.php(417): CodeIgniter\CodeIgniter->run()
10 SYSTEMPATH\Boot.php(68): CodeIgniter\Boot::runCodeIgniter(Object(CodeIgniter\CodeIgniter))
11 FCPATH\index.php(59): CodeIgniter\Boot::bootWeb(Object(Config\Paths))
12 SYSTEMPATH\rewrite.php(44): require_once('C:\\xampp\\htdocs\\Sistem_Penggajian\\public\\index.php')
CRITICAL - 2026-07-28 08:03:07 --> [Caused by] CodeIgniter\Database\Exceptions\DatabaseException: Duplicate entry 'irfan@mail.com' for key 'email'
in SYSTEMPATH\Database\MySQLi\Connection.php on line 310.
 1 SYSTEMPATH\Database\BaseConnection.php(908): CodeIgniter\Database\MySQLi\Connection->execute('INSERT INTO `users` (`id_karyawan`, `username`, `email`, `password`, `nama_lengkap`, `role`, `status`, `created_at`, `updated_at`) VALUES (\'13\', \'EMP-012\', \'irfan@mail.com\', \'$2y$10$nt7G1OfHJIZEm2SjGFqn4OtG5.M9eoKCzI8Vu299trO6pyJcG.WVC\', \'Irfan Rizki\', \'karyawan\', \'aktif\', \'2026-07-28 08:03:07\', \'2026-07-28 08:03:07\')')
 2 SYSTEMPATH\Database\BaseConnection.php(825): CodeIgniter\Database\BaseConnection->simpleQuery('INSERT INTO `users` (`id_karyawan`, `username`, `email`, `password`, `nama_lengkap`, `role`, `status`, `created_at`, `updated_at`) VALUES (\'13\', \'EMP-012\', \'irfan@mail.com\', \'$2y$10$nt7G1OfHJIZEm2SjGFqn4OtG5.M9eoKCzI8Vu299trO6pyJcG.WVC\', \'Irfan Rizki\', \'karyawan\', \'aktif\', \'2026-07-28 08:03:07\', \'2026-07-28 08:03:07\')')
 3 SYSTEMPATH\Database\BaseBuilder.php(2355): CodeIgniter\Database\BaseConnection->query('INSERT INTO `users` (`id_karyawan`, `username`, `email`, `password`, `nama_lengkap`, `role`, `status`, `created_at`, `updated_at`) VALUES (:id_karyawan:, :username:, :email:, :password:, :nama_lengkap:, :role:, :status:, :created_at:, :updated_at:)', [...], false)
 4 SYSTEMPATH\Model.php(357): CodeIgniter\Database\BaseBuilder->insert()
 5 SYSTEMPATH\BaseModel.php(899): CodeIgniter\Model->doInsert([...])
 6 SYSTEMPATH\Model.php(670): CodeIgniter\BaseModel->insert([...], true)
 7 APPPATH\Controllers\Karyawan.php(202): CodeIgniter\Model->insert([...])
 8 SYSTEMPATH\CodeIgniter.php(974): App\Controllers\Karyawan->simpanAkun()
 9 SYSTEMPATH\CodeIgniter.php(520): CodeIgniter\CodeIgniter->runController(Object(App\Controllers\Karyawan))
10 SYSTEMPATH\CodeIgniter.php(363): CodeIgniter\CodeIgniter->handleRequest(null, Object(Config\Cache), false)
11 SYSTEMPATH\Boot.php(417): CodeIgniter\CodeIgniter->run()
12 SYSTEMPATH\Boot.php(68): CodeIgniter\Boot::runCodeIgniter(Object(CodeIgniter\CodeIgniter))
13 FCPATH\index.php(59): CodeIgniter\Boot::bootWeb(Object(Config\Paths))
14 SYSTEMPATH\rewrite.php(44): require_once('C:\\xampp\\htdocs\\Sistem_Penggajian\\public\\index.php')
CRITICAL - 2026-07-28 08:03:07 --> [Caused by] mysqli_sql_exception: Duplicate entry 'irfan@mail.com' for key 'email'
in SYSTEMPATH\Database\MySQLi\Connection.php on line 300.
 1 SYSTEMPATH\Database\MySQLi\Connection.php(300): mysqli->query('INSERT INTO `users` (`id_karyawan`, `username`, `email`, `password`, `nama_lengkap`, `role`, `status`, `created_at`, `updated_at`) VALUES (\'13\', \'EMP-012\', \'irfan@mail.com\', \'$2y$10$nt7G1OfHJIZEm2SjGFqn4OtG5.M9eoKCzI8Vu299trO6pyJcG.WVC\', \'Irfan Rizki\', \'karyawan\', \'aktif\', \'2026-07-28 08:03:07\', \'2026-07-28 08:03:07\')', 0)
 2 SYSTEMPATH\Database\BaseConnection.php(908): CodeIgniter\Database\MySQLi\Connection->execute('INSERT INTO `users` (`id_karyawan`, `username`, `email`, `password`, `nama_lengkap`, `role`, `status`, `created_at`, `updated_at`) VALUES (\'13\', \'EMP-012\', \'irfan@mail.com\', \'$2y$10$nt7G1OfHJIZEm2SjGFqn4OtG5.M9eoKCzI8Vu299trO6pyJcG.WVC\', \'Irfan Rizki\', \'karyawan\', \'aktif\', \'2026-07-28 08:03:07\', \'2026-07-28 08:03:07\')')
 3 SYSTEMPATH\Database\BaseConnection.php(825): CodeIgniter\Database\BaseConnection->simpleQuery('INSERT INTO `users` (`id_karyawan`, `username`, `email`, `password`, `nama_lengkap`, `role`, `status`, `created_at`, `updated_at`) VALUES (\'13\', \'EMP-012\', \'irfan@mail.com\', \'$2y$10$nt7G1OfHJIZEm2SjGFqn4OtG5.M9eoKCzI8Vu299trO6pyJcG.WVC\', \'Irfan Rizki\', \'karyawan\', \'aktif\', \'2026-07-28 08:03:07\', \'2026-07-28 08:03:07\')')
 4 SYSTEMPATH\Database\BaseBuilder.php(2355): CodeIgniter\Database\BaseConnection->query('INSERT INTO `users` (`id_karyawan`, `username`, `email`, `password`, `nama_lengkap`, `role`, `status`, `created_at`, `updated_at`) VALUES (:id_karyawan:, :username:, :email:, :password:, :nama_lengkap:, :role:, :status:, :created_at:, :updated_at:)', [...], false)
 5 SYSTEMPATH\Model.php(357): CodeIgniter\Database\BaseBuilder->insert()
 6 SYSTEMPATH\BaseModel.php(899): CodeIgniter\Model->doInsert([...])
 7 SYSTEMPATH\Model.php(670): CodeIgniter\BaseModel->insert([...], true)
 8 APPPATH\Controllers\Karyawan.php(202): CodeIgniter\Model->insert([...])
 9 SYSTEMPATH\CodeIgniter.php(974): App\Controllers\Karyawan->simpanAkun()
10 SYSTEMPATH\CodeIgniter.php(520): CodeIgniter\CodeIgniter->runController(Object(App\Controllers\Karyawan))
11 SYSTEMPATH\CodeIgniter.php(363): CodeIgniter\CodeIgniter->handleRequest(null, Object(Config\Cache), false)
12 SYSTEMPATH\Boot.php(417): CodeIgniter\CodeIgniter->run()
13 SYSTEMPATH\Boot.php(68): CodeIgniter\Boot::runCodeIgniter(Object(CodeIgniter\CodeIgniter))
14 FCPATH\index.php(59): CodeIgniter\Boot::bootWeb(Object(Config\Paths))
15 SYSTEMPATH\rewrite.php(44): require_once('C:\\xampp\\htdocs\\Sistem_Penggajian\\public\\index.php')
DEBUG - 2026-07-28 08:03:21 --> Session: Class initialized using 'CodeIgniter\Session\Handlers\FileHandler' driver.
DEBUG - 2026-07-28 08:03:21 --> Session: Class initialized using 'CodeIgniter\Session\Handlers\FileHandler' driver.
DEBUG - 2026-07-28 08:04:47 --> Session: Class initialized using 'CodeIgniter\Session\Handlers\FileHandler' driver.
DEBUG - 2026-07-28 08:05:52 --> Session: Class initialized using 'CodeIgniter\Session\Handlers\FileHandler' driver.
DEBUG - 2026-07-28 08:05:52 --> Session: Class initialized using 'CodeIgniter\Session\Handlers\FileHandler' driver.
DEBUG - 2026-07-28 08:05:58 --> Session: Class initialized using 'CodeIgniter\Session\Handlers\FileHandler' driver.
DEBUG - 2026-07-28 08:06:21 --> Session: Class initialized using 'CodeIgniter\Session\Handlers\FileHandler' driver.
ERROR - 2026-07-28 08:06:21 --> Duplicate entry 'EMP-011' for key 'username'
in SYSTEMPATH\Database\MySQLi\Connection.php on line 300.
 1 SYSTEMPATH\Database\MySQLi\Connection.php(300): mysqli->query('INSERT INTO `users` (`id_karyawan`, `username`, `email`, `password`, `nama_lengkap`, `role`, `status`, `created_at`, `updated_at`) VALUES (\'14\', \'EMP-011\', \'irfan@mail.com\', \'$2y$10$mD/SRu9zSmAtZSpyE5KQNuezwiFPjiIpvYfqOappYlc3jbmvEq7oK\', \'Irfan Rizki\', \'karyawan\', \'aktif\', \'2026-07-28 08:06:21\', \'2026-07-28 08:06:21\')', 0)
 2 SYSTEMPATH\Database\BaseConnection.php(908): CodeIgniter\Database\MySQLi\Connection->execute('INSERT INTO `users` (`id_karyawan`, `username`, `email`, `password`, `nama_lengkap`, `role`, `status`, `created_at`, `updated_at`) VALUES (\'14\', \'EMP-011\', \'irfan@mail.com\', \'$2y$10$mD/SRu9zSmAtZSpyE5KQNuezwiFPjiIpvYfqOappYlc3jbmvEq7oK\', \'Irfan Rizki\', \'karyawan\', \'aktif\', \'2026-07-28 08:06:21\', \'2026-07-28 08:06:21\')')
 3 SYSTEMPATH\Database\BaseConnection.php(825): CodeIgniter\Database\BaseConnection->simpleQuery('INSERT INTO `users` (`id_karyawan`, `username`, `email`, `password`, `nama_lengkap`, `role`, `status`, `created_at`, `updated_at`) VALUES (\'14\', \'EMP-011\', \'irfan@mail.com\', \'$2y$10$mD/SRu9zSmAtZSpyE5KQNuezwiFPjiIpvYfqOappYlc3jbmvEq7oK\', \'Irfan Rizki\', \'karyawan\', \'aktif\', \'2026-07-28 08:06:21\', \'2026-07-28 08:06:21\')')
 4 SYSTEMPATH\Database\BaseBuilder.php(2355): CodeIgniter\Database\BaseConnection->query('INSERT INTO `users` (`id_karyawan`, `username`, `email`, `password`, `nama_lengkap`, `role`, `status`, `created_at`, `updated_at`) VALUES (:id_karyawan:, :username:, :email:, :password:, :nama_lengkap:, :role:, :status:, :created_at:, :updated_at:)', [...], false)
 5 SYSTEMPATH\Model.php(357): CodeIgniter\Database\BaseBuilder->insert()
 6 SYSTEMPATH\BaseModel.php(899): CodeIgniter\Model->doInsert([...])
 7 SYSTEMPATH\Model.php(670): CodeIgniter\BaseModel->insert([...], true)
 8 APPPATH\Controllers\Karyawan.php(202): CodeIgniter\Model->insert([...])
 9 SYSTEMPATH\CodeIgniter.php(974): App\Controllers\Karyawan->simpanAkun()
10 SYSTEMPATH\CodeIgniter.php(520): CodeIgniter\CodeIgniter->runController(Object(App\Controllers\Karyawan))
11 SYSTEMPATH\CodeIgniter.php(363): CodeIgniter\CodeIgniter->handleRequest(null, Object(Config\Cache), false)
12 SYSTEMPATH\Boot.php(417): CodeIgniter\CodeIgniter->run()
13 SYSTEMPATH\Boot.php(68): CodeIgniter\Boot::runCodeIgniter(Object(CodeIgniter\CodeIgniter))
14 FCPATH\index.php(59): CodeIgniter\Boot::bootWeb(Object(Config\Paths))
15 SYSTEMPATH\rewrite.php(44): require_once('C:\\xampp\\htdocs\\Sistem_Penggajian\\public\\index.php')
CRITICAL - 2026-07-28 08:06:21 --> CodeIgniter\Database\Exceptions\DatabaseException: Duplicate entry 'EMP-011' for key 'username'
[Method: POST, Route: karyawan/akun]
in SYSTEMPATH\Database\BaseConnection.php on line 863.
 1 SYSTEMPATH\Database\BaseBuilder.php(2355): CodeIgniter\Database\BaseConnection->query('INSERT INTO `users` (`id_karyawan`, `username`, `email`, `password`, `nama_lengkap`, `role`, `status`, `created_at`, `updated_at`) VALUES (:id_karyawan:, :username:, :email:, :password:, :nama_lengkap:, :role:, :status:, :created_at:, :updated_at:)', [...], false)
 2 SYSTEMPATH\Model.php(357): CodeIgniter\Database\BaseBuilder->insert()
 3 SYSTEMPATH\BaseModel.php(899): CodeIgniter\Model->doInsert([...])
 4 SYSTEMPATH\Model.php(670): CodeIgniter\BaseModel->insert([...], true)
 5 APPPATH\Controllers\Karyawan.php(202): CodeIgniter\Model->insert([...])
 6 SYSTEMPATH\CodeIgniter.php(974): App\Controllers\Karyawan->simpanAkun()
 7 SYSTEMPATH\CodeIgniter.php(520): CodeIgniter\CodeIgniter->runController(Object(App\Controllers\Karyawan))
 8 SYSTEMPATH\CodeIgniter.php(363): CodeIgniter\CodeIgniter->handleRequest(null, Object(Config\Cache), false)
 9 SYSTEMPATH\Boot.php(417): CodeIgniter\CodeIgniter->run()
10 SYSTEMPATH\Boot.php(68): CodeIgniter\Boot::runCodeIgniter(Object(CodeIgniter\CodeIgniter))
11 FCPATH\index.php(59): CodeIgniter\Boot::bootWeb(Object(Config\Paths))
12 SYSTEMPATH\rewrite.php(44): require_once('C:\\xampp\\htdocs\\Sistem_Penggajian\\public\\index.php')
CRITICAL - 2026-07-28 08:06:21 --> [Caused by] CodeIgniter\Database\Exceptions\DatabaseException: Duplicate entry 'EMP-011' for key 'username'
in SYSTEMPATH\Database\MySQLi\Connection.php on line 310.
 1 SYSTEMPATH\Database\BaseConnection.php(908): CodeIgniter\Database\MySQLi\Connection->execute('INSERT INTO `users` (`id_karyawan`, `username`, `email`, `password`, `nama_lengkap`, `role`, `status`, `created_at`, `updated_at`) VALUES (\'14\', \'EMP-011\', \'irfan@mail.com\', \'$2y$10$mD/SRu9zSmAtZSpyE5KQNuezwiFPjiIpvYfqOappYlc3jbmvEq7oK\', \'Irfan Rizki\', \'karyawan\', \'aktif\', \'2026-07-28 08:06:21\', \'2026-07-28 08:06:21\')')
 2 SYSTEMPATH\Database\BaseConnection.php(825): CodeIgniter\Database\BaseConnection->simpleQuery('INSERT INTO `users` (`id_karyawan`, `username`, `email`, `password`, `nama_lengkap`, `role`, `status`, `created_at`, `updated_at`) VALUES (\'14\', \'EMP-011\', \'irfan@mail.com\', \'$2y$10$mD/SRu9zSmAtZSpyE5KQNuezwiFPjiIpvYfqOappYlc3jbmvEq7oK\', \'Irfan Rizki\', \'karyawan\', \'aktif\', \'2026-07-28 08:06:21\', \'2026-07-28 08:06:21\')')
 3 SYSTEMPATH\Database\BaseBuilder.php(2355): CodeIgniter\Database\BaseConnection->query('INSERT INTO `users` (`id_karyawan`, `username`, `email`, `password`, `nama_lengkap`, `role`, `status`, `created_at`, `updated_at`) VALUES (:id_karyawan:, :username:, :email:, :password:, :nama_lengkap:, :role:, :status:, :created_at:, :updated_at:)', [...], false)
 4 SYSTEMPATH\Model.php(357): CodeIgniter\Database\BaseBuilder->insert()
 5 SYSTEMPATH\BaseModel.php(899): CodeIgniter\Model->doInsert([...])
 6 SYSTEMPATH\Model.php(670): CodeIgniter\BaseModel->insert([...], true)
 7 APPPATH\Controllers\Karyawan.php(202): CodeIgniter\Model->insert([...])
 8 SYSTEMPATH\CodeIgniter.php(974): App\Controllers\Karyawan->simpanAkun()
 9 SYSTEMPATH\CodeIgniter.php(520): CodeIgniter\CodeIgniter->runController(Object(App\Controllers\Karyawan))
10 SYSTEMPATH\CodeIgniter.php(363): CodeIgniter\CodeIgniter->handleRequest(null, Object(Config\Cache), false)
11 SYSTEMPATH\Boot.php(417): CodeIgniter\CodeIgniter->run()
12 SYSTEMPATH\Boot.php(68): CodeIgniter\Boot::runCodeIgniter(Object(CodeIgniter\CodeIgniter))
13 FCPATH\index.php(59): CodeIgniter\Boot::bootWeb(Object(Config\Paths))
14 SYSTEMPATH\rewrite.php(44): require_once('C:\\xampp\\htdocs\\Sistem_Penggajian\\public\\index.php')
CRITICAL - 2026-07-28 08:06:21 --> [Caused by] mysqli_sql_exception: Duplicate entry 'EMP-011' for key 'username'
in SYSTEMPATH\Database\MySQLi\Connection.php on line 300.
 1 SYSTEMPATH\Database\MySQLi\Connection.php(300): mysqli->query('INSERT INTO `users` (`id_karyawan`, `username`, `email`, `password`, `nama_lengkap`, `role`, `status`, `created_at`, `updated_at`) VALUES (\'14\', \'EMP-011\', \'irfan@mail.com\', \'$2y$10$mD/SRu9zSmAtZSpyE5KQNuezwiFPjiIpvYfqOappYlc3jbmvEq7oK\', \'Irfan Rizki\', \'karyawan\', \'aktif\', \'2026-07-28 08:06:21\', \'2026-07-28 08:06:21\')', 0)
 2 SYSTEMPATH\Database\BaseConnection.php(908): CodeIgniter\Database\MySQLi\Connection->execute('INSERT INTO `users` (`id_karyawan`, `username`, `email`, `password`, `nama_lengkap`, `role`, `status`, `created_at`, `updated_at`) VALUES (\'14\', \'EMP-011\', \'irfan@mail.com\', \'$2y$10$mD/SRu9zSmAtZSpyE5KQNuezwiFPjiIpvYfqOappYlc3jbmvEq7oK\', \'Irfan Rizki\', \'karyawan\', \'aktif\', \'2026-07-28 08:06:21\', \'2026-07-28 08:06:21\')')
 3 SYSTEMPATH\Database\BaseConnection.php(825): CodeIgniter\Database\BaseConnection->simpleQuery('INSERT INTO `users` (`id_karyawan`, `username`, `email`, `password`, `nama_lengkap`, `role`, `status`, `created_at`, `updated_at`) VALUES (\'14\', \'EMP-011\', \'irfan@mail.com\', \'$2y$10$mD/SRu9zSmAtZSpyE5KQNuezwiFPjiIpvYfqOappYlc3jbmvEq7oK\', \'Irfan Rizki\', \'karyawan\', \'aktif\', \'2026-07-28 08:06:21\', \'2026-07-28 08:06:21\')')
 4 SYSTEMPATH\Database\BaseBuilder.php(2355): CodeIgniter\Database\BaseConnection->query('INSERT INTO `users` (`id_karyawan`, `username`, `email`, `password`, `nama_lengkap`, `role`, `status`, `created_at`, `updated_at`) VALUES (:id_karyawan:, :username:, :email:, :password:, :nama_lengkap:, :role:, :status:, :created_at:, :updated_at:)', [...], false)
 5 SYSTEMPATH\Model.php(357): CodeIgniter\Database\BaseBuilder->insert()
 6 SYSTEMPATH\BaseModel.php(899): CodeIgniter\Model->doInsert([...])
 7 SYSTEMPATH\Model.php(670): CodeIgniter\BaseModel->insert([...], true)
 8 APPPATH\Controllers\Karyawan.php(202): CodeIgniter\Model->insert([...])
 9 SYSTEMPATH\CodeIgniter.php(974): App\Controllers\Karyawan->simpanAkun()
10 SYSTEMPATH\CodeIgniter.php(520): CodeIgniter\CodeIgniter->runController(Object(App\Controllers\Karyawan))
11 SYSTEMPATH\CodeIgniter.php(363): CodeIgniter\CodeIgniter->handleRequest(null, Object(Config\Cache), false)
12 SYSTEMPATH\Boot.php(417): CodeIgniter\CodeIgniter->run()
13 SYSTEMPATH\Boot.php(68): CodeIgniter\Boot::runCodeIgniter(Object(CodeIgniter\CodeIgniter))
14 FCPATH\index.php(59): CodeIgniter\Boot::bootWeb(Object(Config\Paths))
15 SYSTEMPATH\rewrite.php(44): require_once('C:\\xampp\\htdocs\\Sistem_Penggajian\\public\\index.php')
DEBUG - 2026-07-28 08:07:10 --> Session: Class initialized using 'CodeIgniter\Session\Handlers\FileHandler' driver.
DEBUG - 2026-07-28 08:07:11 --> Session: Class initialized using 'CodeIgniter\Session\Handlers\FileHandler' driver.
DEBUG - 2026-07-28 08:08:04 --> Session: Class initialized using 'CodeIgniter\Session\Handlers\FileHandler' driver.
DEBUG - 2026-07-28 08:08:13 --> Session: Class initialized using 'CodeIgniter\Session\Handlers\FileHandler' driver.
DEBUG - 2026-07-28 08:08:21 --> Session: Class initialized using 'CodeIgniter\Session\Handlers\FileHandler' driver.
DEBUG - 2026-07-28 08:08:21 --> Session: Class initialized using 'CodeIgniter\Session\Handlers\FileHandler' driver.
DEBUG - 2026-07-28 08:08:30 --> Session: Class initialized using 'CodeIgniter\Session\Handlers\FileHandler' driver.
DEBUG - 2026-07-28 08:08:30 --> Session: Class initialized using 'CodeIgniter\Session\Handlers\FileHandler' driver.
DEBUG - 2026-07-28 08:09:00 --> Session: Class initialized using 'CodeIgniter\Session\Handlers\FileHandler' driver.
DEBUG - 2026-07-28 08:09:05 --> Session: Class initialized using 'CodeIgniter\Session\Handlers\FileHandler' driver.
DEBUG - 2026-07-28 08:09:06 --> Session: Class initialized using 'CodeIgniter\Session\Handlers\FileHandler' driver.
DEBUG - 2026-07-28 08:09:10 --> Session: Class initialized using 'CodeIgniter\Session\Handlers\FileHandler' driver.
DEBUG - 2026-07-28 08:09:17 --> Session: Class initialized using 'CodeIgniter\Session\Handlers\FileHandler' driver.
DEBUG - 2026-07-28 08:09:18 --> Session: Class initialized using 'CodeIgniter\Session\Handlers\FileHandler' driver.
DEBUG - 2026-07-28 08:09:50 --> Session: Class initialized using 'CodeIgniter\Session\Handlers\FileHandler' driver.
DEBUG - 2026-07-28 08:09:52 --> Session: Class initialized using 'CodeIgniter\Session\Handlers\FileHandler' driver.
DEBUG - 2026-07-28 08:09:57 --> Session: Class initialized using 'CodeIgniter\Session\Handlers\FileHandler' driver.
DEBUG - 2026-07-28 08:09:57 --> Session: Class initialized using 'CodeIgniter\Session\Handlers\FileHandler' driver.
DEBUG - 2026-07-28 08:10:06 --> Session: Class initialized using 'CodeIgniter\Session\Handlers\FileHandler' driver.
DEBUG - 2026-07-28 08:10:09 --> Session: Class initialized using 'CodeIgniter\Session\Handlers\FileHandler' driver.
DEBUG - 2026-07-28 08:10:29 --> Session: Class initialized using 'CodeIgniter\Session\Handlers\FileHandler' driver.
DEBUG - 2026-07-28 08:10:29 --> Session: Class initialized using 'CodeIgniter\Session\Handlers\FileHandler' driver.
DEBUG - 2026-07-28 08:10:34 --> Session: Class initialized using 'CodeIgniter\Session\Handlers\FileHandler' driver.
DEBUG - 2026-07-28 08:10:50 --> Session: Class initialized using 'CodeIgniter\Session\Handlers\FileHandler' driver.
DEBUG - 2026-07-28 08:11:41 --> Session: Class initialized using 'CodeIgniter\Session\Handlers\FileHandler' driver.
DEBUG - 2026-07-28 08:11:41 --> Session: Class initialized using 'CodeIgniter\Session\Handlers\FileHandler' driver.
DEBUG - 2026-07-28 08:11:45 --> Session: Class initialized using 'CodeIgniter\Session\Handlers\FileHandler' driver.
DEBUG - 2026-07-28 08:11:54 --> Session: Class initialized using 'CodeIgniter\Session\Handlers\FileHandler' driver.
DEBUG - 2026-07-28 08:11:54 --> Session: Class initialized using 'CodeIgniter\Session\Handlers\FileHandler' driver.
DEBUG - 2026-07-28 08:12:08 --> Session: Class initialized using 'CodeIgniter\Session\Handlers\FileHandler' driver.
DEBUG - 2026-07-28 08:12:08 --> Session: Class initialized using 'CodeIgniter\Session\Handlers\FileHandler' driver.
DEBUG - 2026-07-28 08:12:24 --> Session: Class initialized using 'CodeIgniter\Session\Handlers\FileHandler' driver.
DEBUG - 2026-07-28 08:13:35 --> Session: Class initialized using 'CodeIgniter\Session\Handlers\FileHandler' driver.
DEBUG - 2026-07-28 08:13:36 --> Session: Class initialized using 'CodeIgniter\Session\Handlers\FileHandler' driver.
DEBUG - 2026-07-28 08:13:41 --> Session: Class initialized using 'CodeIgniter\Session\Handlers\FileHandler' driver.
DEBUG - 2026-07-28 08:13:49 --> Session: Class initialized using 'CodeIgniter\Session\Handlers\FileHandler' driver.
ERROR - 2026-07-28 08:13:49 --> Duplicate entry 'EMP-011' for key 'username'
in SYSTEMPATH\Database\MySQLi\Connection.php on line 300.
 1 SYSTEMPATH\Database\MySQLi\Connection.php(300): mysqli->query('INSERT INTO `users` (`id_karyawan`, `username`, `email`, `password`, `nama_lengkap`, `role`, `status`, `created_at`, `updated_at`) VALUES (\'16\', \'EMP-011\', \'irfan@mail.com\', \'$2y$10$v9QLacExgwYaYDbAVrn2VOUXOdd/e9qJs19RorcCXeof3ntDGX.R2\', \'Irfan Rizki\', \'karyawan\', \'aktif\', \'2026-07-28 08:13:49\', \'2026-07-28 08:13:49\')', 0)
 2 SYSTEMPATH\Database\BaseConnection.php(908): CodeIgniter\Database\MySQLi\Connection->execute('INSERT INTO `users` (`id_karyawan`, `username`, `email`, `password`, `nama_lengkap`, `role`, `status`, `created_at`, `updated_at`) VALUES (\'16\', \'EMP-011\', \'irfan@mail.com\', \'$2y$10$v9QLacExgwYaYDbAVrn2VOUXOdd/e9qJs19RorcCXeof3ntDGX.R2\', \'Irfan Rizki\', \'karyawan\', \'aktif\', \'2026-07-28 08:13:49\', \'2026-07-28 08:13:49\')')
 3 SYSTEMPATH\Database\BaseConnection.php(825): CodeIgniter\Database\BaseConnection->simpleQuery('INSERT INTO `users` (`id_karyawan`, `username`, `email`, `password`, `nama_lengkap`, `role`, `status`, `created_at`, `updated_at`) VALUES (\'16\', \'EMP-011\', \'irfan@mail.com\', \'$2y$10$v9QLacExgwYaYDbAVrn2VOUXOdd/e9qJs19RorcCXeof3ntDGX.R2\', \'Irfan Rizki\', \'karyawan\', \'aktif\', \'2026-07-28 08:13:49\', \'2026-07-28 08:13:49\')')
 4 SYSTEMPATH\Database\BaseBuilder.php(2355): CodeIgniter\Database\BaseConnection->query('INSERT INTO `users` (`id_karyawan`, `username`, `email`, `password`, `nama_lengkap`, `role`, `status`, `created_at`, `updated_at`) VALUES (:id_karyawan:, :username:, :email:, :password:, :nama_lengkap:, :role:, :status:, :created_at:, :updated_at:)', [...], false)
 5 SYSTEMPATH\Model.php(357): CodeIgniter\Database\BaseBuilder->insert()
 6 SYSTEMPATH\BaseModel.php(899): CodeIgniter\Model->doInsert([...])
 7 SYSTEMPATH\Model.php(670): CodeIgniter\BaseModel->insert([...], true)
 8 APPPATH\Controllers\Karyawan.php(202): CodeIgniter\Model->insert([...])
 9 SYSTEMPATH\CodeIgniter.php(974): App\Controllers\Karyawan->simpanAkun()
10 SYSTEMPATH\CodeIgniter.php(520): CodeIgniter\CodeIgniter->runController(Object(App\Controllers\Karyawan))
11 SYSTEMPATH\CodeIgniter.php(363): CodeIgniter\CodeIgniter->handleRequest(null, Object(Config\Cache), false)
12 SYSTEMPATH\Boot.php(417): CodeIgniter\CodeIgniter->run()
13 SYSTEMPATH\Boot.php(68): CodeIgniter\Boot::runCodeIgniter(Object(CodeIgniter\CodeIgniter))
14 FCPATH\index.php(59): CodeIgniter\Boot::bootWeb(Object(Config\Paths))
15 SYSTEMPATH\rewrite.php(44): require_once('C:\\xampp\\htdocs\\Sistem_Penggajian\\public\\index.php')
CRITICAL - 2026-07-28 08:13:49 --> CodeIgniter\Database\Exceptions\DatabaseException: Duplicate entry 'EMP-011' for key 'username'
[Method: POST, Route: karyawan/akun]
in SYSTEMPATH\Database\BaseConnection.php on line 863.
 1 SYSTEMPATH\Database\BaseBuilder.php(2355): CodeIgniter\Database\BaseConnection->query('INSERT INTO `users` (`id_karyawan`, `username`, `email`, `password`, `nama_lengkap`, `role`, `status`, `created_at`, `updated_at`) VALUES (:id_karyawan:, :username:, :email:, :password:, :nama_lengkap:, :role:, :status:, :created_at:, :updated_at:)', [...], false)
 2 SYSTEMPATH\Model.php(357): CodeIgniter\Database\BaseBuilder->insert()
 3 SYSTEMPATH\BaseModel.php(899): CodeIgniter\Model->doInsert([...])
 4 SYSTEMPATH\Model.php(670): CodeIgniter\BaseModel->insert([...], true)
 5 APPPATH\Controllers\Karyawan.php(202): CodeIgniter\Model->insert([...])
 6 SYSTEMPATH\CodeIgniter.php(974): App\Controllers\Karyawan->simpanAkun()
 7 SYSTEMPATH\CodeIgniter.php(520): CodeIgniter\CodeIgniter->runController(Object(App\Controllers\Karyawan))
 8 SYSTEMPATH\CodeIgniter.php(363): CodeIgniter\CodeIgniter->handleRequest(null, Object(Config\Cache), false)
 9 SYSTEMPATH\Boot.php(417): CodeIgniter\CodeIgniter->run()
10 SYSTEMPATH\Boot.php(68): CodeIgniter\Boot::runCodeIgniter(Object(CodeIgniter\CodeIgniter))
11 FCPATH\index.php(59): CodeIgniter\Boot::bootWeb(Object(Config\Paths))
12 SYSTEMPATH\rewrite.php(44): require_once('C:\\xampp\\htdocs\\Sistem_Penggajian\\public\\index.php')
CRITICAL - 2026-07-28 08:13:49 --> [Caused by] CodeIgniter\Database\Exceptions\DatabaseException: Duplicate entry 'EMP-011' for key 'username'
in SYSTEMPATH\Database\MySQLi\Connection.php on line 310.
 1 SYSTEMPATH\Database\BaseConnection.php(908): CodeIgniter\Database\MySQLi\Connection->execute('INSERT INTO `users` (`id_karyawan`, `username`, `email`, `password`, `nama_lengkap`, `role`, `status`, `created_at`, `updated_at`) VALUES (\'16\', \'EMP-011\', \'irfan@mail.com\', \'$2y$10$v9QLacExgwYaYDbAVrn2VOUXOdd/e9qJs19RorcCXeof3ntDGX.R2\', \'Irfan Rizki\', \'karyawan\', \'aktif\', \'2026-07-28 08:13:49\', \'2026-07-28 08:13:49\')')
 2 SYSTEMPATH\Database\BaseConnection.php(825): CodeIgniter\Database\BaseConnection->simpleQuery('INSERT INTO `users` (`id_karyawan`, `username`, `email`, `password`, `nama_lengkap`, `role`, `status`, `created_at`, `updated_at`) VALUES (\'16\', \'EMP-011\', \'irfan@mail.com\', \'$2y$10$v9QLacExgwYaYDbAVrn2VOUXOdd/e9qJs19RorcCXeof3ntDGX.R2\', \'Irfan Rizki\', \'karyawan\', \'aktif\', \'2026-07-28 08:13:49\', \'2026-07-28 08:13:49\')')
 3 SYSTEMPATH\Database\BaseBuilder.php(2355): CodeIgniter\Database\BaseConnection->query('INSERT INTO `users` (`id_karyawan`, `username`, `email`, `password`, `nama_lengkap`, `role`, `status`, `created_at`, `updated_at`) VALUES (:id_karyawan:, :username:, :email:, :password:, :nama_lengkap:, :role:, :status:, :created_at:, :updated_at:)', [...], false)
 4 SYSTEMPATH\Model.php(357): CodeIgniter\Database\BaseBuilder->insert()
 5 SYSTEMPATH\BaseModel.php(899): CodeIgniter\Model->doInsert([...])
 6 SYSTEMPATH\Model.php(670): CodeIgniter\BaseModel->insert([...], true)
 7 APPPATH\Controllers\Karyawan.php(202): CodeIgniter\Model->insert([...])
 8 SYSTEMPATH\CodeIgniter.php(974): App\Controllers\Karyawan->simpanAkun()
 9 SYSTEMPATH\CodeIgniter.php(520): CodeIgniter\CodeIgniter->runController(Object(App\Controllers\Karyawan))
10 SYSTEMPATH\CodeIgniter.php(363): CodeIgniter\CodeIgniter->handleRequest(null, Object(Config\Cache), false)
11 SYSTEMPATH\Boot.php(417): CodeIgniter\CodeIgniter->run()
12 SYSTEMPATH\Boot.php(68): CodeIgniter\Boot::runCodeIgniter(Object(CodeIgniter\CodeIgniter))
13 FCPATH\index.php(59): CodeIgniter\Boot::bootWeb(Object(Config\Paths))
14 SYSTEMPATH\rewrite.php(44): require_once('C:\\xampp\\htdocs\\Sistem_Penggajian\\public\\index.php')
CRITICAL - 2026-07-28 08:13:49 --> [Caused by] mysqli_sql_exception: Duplicate entry 'EMP-011' for key 'username'
in SYSTEMPATH\Database\MySQLi\Connection.php on line 300.
 1 SYSTEMPATH\Database\MySQLi\Connection.php(300): mysqli->query('INSERT INTO `users` (`id_karyawan`, `username`, `email`, `password`, `nama_lengkap`, `role`, `status`, `created_at`, `updated_at`) VALUES (\'16\', \'EMP-011\', \'irfan@mail.com\', \'$2y$10$v9QLacExgwYaYDbAVrn2VOUXOdd/e9qJs19RorcCXeof3ntDGX.R2\', \'Irfan Rizki\', \'karyawan\', \'aktif\', \'2026-07-28 08:13:49\', \'2026-07-28 08:13:49\')', 0)
 2 SYSTEMPATH\Database\BaseConnection.php(908): CodeIgniter\Database\MySQLi\Connection->execute('INSERT INTO `users` (`id_karyawan`, `username`, `email`, `password`, `nama_lengkap`, `role`, `status`, `created_at`, `updated_at`) VALUES (\'16\', \'EMP-011\', \'irfan@mail.com\', \'$2y$10$v9QLacExgwYaYDbAVrn2VOUXOdd/e9qJs19RorcCXeof3ntDGX.R2\', \'Irfan Rizki\', \'karyawan\', \'aktif\', \'2026-07-28 08:13:49\', \'2026-07-28 08:13:49\')')
 3 SYSTEMPATH\Database\BaseConnection.php(825): CodeIgniter\Database\BaseConnection->simpleQuery('INSERT INTO `users` (`id_karyawan`, `username`, `email`, `password`, `nama_lengkap`, `role`, `status`, `created_at`, `updated_at`) VALUES (\'16\', \'EMP-011\', \'irfan@mail.com\', \'$2y$10$v9QLacExgwYaYDbAVrn2VOUXOdd/e9qJs19RorcCXeof3ntDGX.R2\', \'Irfan Rizki\', \'karyawan\', \'aktif\', \'2026-07-28 08:13:49\', \'2026-07-28 08:13:49\')')
 4 SYSTEMPATH\Database\BaseBuilder.php(2355): CodeIgniter\Database\BaseConnection->query('INSERT INTO `users` (`id_karyawan`, `username`, `email`, `password`, `nama_lengkap`, `role`, `status`, `created_at`, `updated_at`) VALUES (:id_karyawan:, :username:, :email:, :password:, :nama_lengkap:, :role:, :status:, :created_at:, :updated_at:)', [...], false)
 5 SYSTEMPATH\Model.php(357): CodeIgniter\Database\BaseBuilder->insert()
 6 SYSTEMPATH\BaseModel.php(899): CodeIgniter\Model->doInsert([...])
 7 SYSTEMPATH\Model.php(670): CodeIgniter\BaseModel->insert([...], true)
 8 APPPATH\Controllers\Karyawan.php(202): CodeIgniter\Model->insert([...])
 9 SYSTEMPATH\CodeIgniter.php(974): App\Controllers\Karyawan->simpanAkun()
10 SYSTEMPATH\CodeIgniter.php(520): CodeIgniter\CodeIgniter->runController(Object(App\Controllers\Karyawan))
11 SYSTEMPATH\CodeIgniter.php(363): CodeIgniter\CodeIgniter->handleRequest(null, Object(Config\Cache), false)
12 SYSTEMPATH\Boot.php(417): CodeIgniter\CodeIgniter->run()
13 SYSTEMPATH\Boot.php(68): CodeIgniter\Boot::runCodeIgniter(Object(CodeIgniter\CodeIgniter))
14 FCPATH\index.php(59): CodeIgniter\Boot::bootWeb(Object(Config\Paths))
15 SYSTEMPATH\rewrite.php(44): require_once('C:\\xampp\\htdocs\\Sistem_Penggajian\\public\\index.php')
DEBUG - 2026-07-28 08:18:20 --> Session: Class initialized using 'CodeIgniter\Session\Handlers\FileHandler' driver.
DEBUG - 2026-07-28 08:18:21 --> Session: Class initialized using 'CodeIgniter\Session\Handlers\FileHandler' driver.
DEBUG - 2026-07-28 08:18:26 --> Session: Class initialized using 'CodeIgniter\Session\Handlers\FileHandler' driver.
DEBUG - 2026-07-28 08:18:30 --> Session: Class initialized using 'CodeIgniter\Session\Handlers\FileHandler' driver.
DEBUG - 2026-07-28 08:18:41 --> Session: Class initialized using 'CodeIgniter\Session\Handlers\FileHandler' driver.
DEBUG - 2026-07-28 08:18:46 --> Session: Class initialized using 'CodeIgniter\Session\Handlers\FileHandler' driver.
DEBUG - 2026-07-28 08:18:47 --> Session: Class initialized using 'CodeIgniter\Session\Handlers\FileHandler' driver.
DEBUG - 2026-07-28 08:19:10 --> Session: Class initialized using 'CodeIgniter\Session\Handlers\FileHandler' driver.
DEBUG - 2026-07-28 08:19:15 --> Session: Class initialized using 'CodeIgniter\Session\Handlers\FileHandler' driver.
DEBUG - 2026-07-28 08:19:15 --> Session: Class initialized using 'CodeIgniter\Session\Handlers\FileHandler' driver.
DEBUG - 2026-07-28 08:19:25 --> Session: Class initialized using 'CodeIgniter\Session\Handlers\FileHandler' driver.
DEBUG - 2026-07-28 08:19:30 --> Session: Class initialized using 'CodeIgniter\Session\Handlers\FileHandler' driver.
DEBUG - 2026-07-28 08:19:30 --> Session: Class initialized using 'CodeIgniter\Session\Handlers\FileHandler' driver.
DEBUG - 2026-07-28 08:20:04 --> Session: Class initialized using 'CodeIgniter\Session\Handlers\FileHandler' driver.
DEBUG - 2026-07-28 08:20:17 --> Session: Class initialized using 'CodeIgniter\Session\Handlers\FileHandler' driver.
DEBUG - 2026-07-28 08:20:19 --> Session: Class initialized using 'CodeIgniter\Session\Handlers\FileHandler' driver.
DEBUG - 2026-07-28 08:20:22 --> Session: Class initialized using 'CodeIgniter\Session\Handlers\FileHandler' driver.
DEBUG - 2026-07-28 08:20:56 --> Session: Class initialized using 'CodeIgniter\Session\Handlers\FileHandler' driver.
DEBUG - 2026-07-28 08:20:56 --> Session: Class initialized using 'CodeIgniter\Session\Handlers\FileHandler' driver.
DEBUG - 2026-07-28 08:39:56 --> Session: Class initialized using 'CodeIgniter\Session\Handlers\FileHandler' driver.
DEBUG - 2026-07-28 08:40:05 --> Session: Class initialized using 'CodeIgniter\Session\Handlers\FileHandler' driver.
DEBUG - 2026-07-28 08:40:06 --> Session: Class initialized using 'CodeIgniter\Session\Handlers\FileHandler' driver.
DEBUG - 2026-07-28 08:40:09 --> Session: Class initialized using 'CodeIgniter\Session\Handlers\FileHandler' driver.
DEBUG - 2026-07-28 08:40:11 --> Session: Class initialized using 'CodeIgniter\Session\Handlers\FileHandler' driver.
DEBUG - 2026-07-28 08:41:29 --> Session: Class initialized using 'CodeIgniter\Session\Handlers\FileHandler' driver.
DEBUG - 2026-07-28 08:43:12 --> Session: Class initialized using 'CodeIgniter\Session\Handlers\FileHandler' driver.
DEBUG - 2026-07-28 08:43:19 --> Session: Class initialized using 'CodeIgniter\Session\Handlers\FileHandler' driver.
DEBUG - 2026-07-28 08:43:21 --> Session: Class initialized using 'CodeIgniter\Session\Handlers\FileHandler' driver.
DEBUG - 2026-07-28 08:43:38 --> Session: Class initialized using 'CodeIgniter\Session\Handlers\FileHandler' driver.
DEBUG - 2026-07-28 08:43:39 --> Session: Class initialized using 'CodeIgniter\Session\Handlers\FileHandler' driver.
DEBUG - 2026-07-28 08:45:42 --> Session: Class initialized using 'CodeIgniter\Session\Handlers\FileHandler' driver.
DEBUG - 2026-07-28 08:45:54 --> Session: Class initialized using 'CodeIgniter\Session\Handlers\FileHandler' driver.
DEBUG - 2026-07-28 08:45:57 --> Session: Class initialized using 'CodeIgniter\Session\Handlers\FileHandler' driver.
DEBUG - 2026-07-28 08:46:15 --> Session: Class initialized using 'CodeIgniter\Session\Handlers\FileHandler' driver.
DEBUG - 2026-07-28 08:46:16 --> Session: Class initialized using 'CodeIgniter\Session\Handlers\FileHandler' driver.
DEBUG - 2026-07-28 08:47:08 --> Session: Class initialized using 'CodeIgniter\Session\Handlers\FileHandler' driver.
DEBUG - 2026-07-28 08:52:49 --> Session: Class initialized using 'CodeIgniter\Session\Handlers\FileHandler' driver.
DEBUG - 2026-07-28 08:53:39 --> Session: Class initialized using 'CodeIgniter\Session\Handlers\FileHandler' driver.
DEBUG - 2026-07-28 08:53:45 --> Session: Class initialized using 'CodeIgniter\Session\Handlers\FileHandler' driver.
DEBUG - 2026-07-28 08:53:45 --> Session: Class initialized using 'CodeIgniter\Session\Handlers\FileHandler' driver.
DEBUG - 2026-07-28 08:54:51 --> Session: Class initialized using 'CodeIgniter\Session\Handlers\FileHandler' driver.
DEBUG - 2026-07-28 08:54:51 --> Session: Class initialized using 'CodeIgniter\Session\Handlers\FileHandler' driver.
DEBUG - 2026-07-28 08:55:53 --> Session: Class initialized using 'CodeIgniter\Session\Handlers\FileHandler' driver.
DEBUG - 2026-07-28 08:55:53 --> Session: Class initialized using 'CodeIgniter\Session\Handlers\FileHandler' driver.
